65.188.125.0 - - [05/Aug/2024:00:02:17 -0400] "GET /index.php HTTP/1.1" 200 3335 ubaaverages.com "-" "Mozilla/5.0 (Linux; Android 10; K) AppleWebKit/537.36 (KHTML, like Gecko) Chrome/127.0.0.0 Mobile Safari/537.36" "-"
65.188.125.0 - - [05/Aug/2024:00:02:18 -0400] "GET /images/favicon.ico HTTP/1.1" 200 270398 ubaaverages.com "https://ubaaverages.com/index.php" "Mozilla/5.0 (Linux; Android 10; K) AppleWebKit/537.36 (KHTML, like Gecko) Chrome/127.0.0.0 Mobile Safari/537.36" "-"
65.188.125.0 - - [05/Aug/2024:00:02:25 -0400] "POST /verify.php HTTP/1.1" 302 - ubaaverages.com "https://ubaaverages.com/index.php" "Mozilla/5.0 (Linux; Android 10; K) AppleWebKit/537.36 (KHTML, like Gecko) Chrome/127.0.0.0 Mobile Safari/537.36" "-"
65.188.125.0 - - [05/Aug/2024:00:02:25 -0400] "GET /dashboard/home.php HTTP/1.1" 200 84370 ubaaverages.com "https://ubaaverages.com/index.php" "Mozilla/5.0 (Linux; Android 10; K) AppleWebKit/537.36 (KHTML, like Gecko) Chrome/127.0.0.0 Mobile Safari/537.36" "-"
65.188.125.0 - - [05/Aug/2024:00:02:26 -0400] "POST /dashboard/fatchSeasonAvrg.php HTTP/1.1" 200 2 ubaaverages.com "https://ubaaverages.com/dashboard/home.php" "Mozilla/5.0 (Linux; Android 10; K) AppleWebKit/537.36 (KHTML, like Gecko) Chrome/127.0.0.0 Mobile Safari/537.36" "-"
65.188.125.0 - - [05/Aug/2024:00:02:38 -0400] "GET /dashboard/search.php HTTP/1.1" 200 35362 ubaaverages.com "https://ubaaverages.com/dashboard/home.php" "Mozilla/5.0 (Linux; Android 10; K) AppleWebKit/537.36 (KHTML, like Gecko) Chrome/127.0.0.0 Mobile Safari/537.36" "-"
65.188.125.0 - - [05/Aug/2024:00:02:43 -0400] "POST /dashboard/search.php HTTP/1.1" 200 37793 ubaaverages.com "https://ubaaverages.com/dashboard/search.php" "Mozilla/5.0 (Linux; Android 10; K) AppleWebKit/537.36 (KHTML, like Gecko) Chrome/127.0.0.0 Mobile Safari/537.36" "-"
65.188.125.0 - - [05/Aug/2024:00:02:45 -0400] "POST /dashboard/team.php HTTP/1.1" 200 6684 ubaaverages.com "https://ubaaverages.com/dashboard/search.php" "Mozilla/5.0 (Linux; Android 10; K) AppleWebKit/537.36 (KHTML, like Gecko) Chrome/127.0.0.0 Mobile Safari/537.36" "-"
65.188.125.0 - - [05/Aug/2024:00:03:49 -0400] "GET /dashboard/search.php HTTP/1.1" 200 35362 ubaaverages.com "https://ubaaverages.com/dashboard/home.php" "Mozilla/5.0 (Linux; Android 10; K) AppleWebKit/537.36 (KHTML, like Gecko) Chrome/127.0.0.0 Mobile Safari/537.36" "-"
2600:8806:a500:: - - [05/Aug/2024:00:13:57 -0400] "GET / HTTP/1.1" 200 3335 ubaaverages.com "-" "Mozilla/5.0 (iPhone; CPU iPhone OS 17_5_1 like Mac OS X) AppleWebKit/605.1.15 (KHTML, like Gecko) Version/17.5 Mobile/15E148 Safari/604.1" "-"
2600:8806:a500:: - - [05/Aug/2024:00:14:01 -0400] "GET / HTTP/1.1" 200 3335 ubaaverages.com "-" "Mozilla/5.0 (iPhone; CPU iPhone OS 17_5_1 like Mac OS X) AppleWebKit/605.1.15 (KHTML, like Gecko) Version/17.5 Mobile/15E148 Safari/604.1" "-"
2600:8806:a500:: - - [05/Aug/2024:00:14:01 -0400] "GET /css/animate.css HTTP/1.1" 200 75052 ubaaverages.com "https://ubaaverages.com/" "Mozilla/5.0 (iPhone; CPU iPhone OS 17_5_1 like Mac OS X) AppleWebKit/605.1.15 (KHTML, like Gecko) Version/17.5 Mobile/15E148 Safari/604.1" "-"
2600:8806:a500:: - - [05/Aug/2024:00:14:01 -0400] "GET /css/bootstrap.min.css HTTP/1.1" 200 140930 ubaaverages.com "https://ubaaverages.com/" "Mozilla/5.0 (iPhone; CPU iPhone OS 17_5_1 like Mac OS X) AppleWebKit/605.1.15 (KHTML, like Gecko) Version/17.5 Mobile/15E148 Safari/604.1" "-"
2600:8806:a500:: - - [05/Aug/2024:00:14:01 -0400] "GET /js/popper.js HTTP/1.1" 200 84615 ubaaverages.com "https://ubaaverages.com/" "Mozilla/5.0 (iPhone; CPU iPhone OS 17_5_1 like Mac OS X) AppleWebKit/605.1.15 (KHTML, like Gecko) Version/17.5 Mobile/15E148 Safari/604.1" "-"
2600:8806:a500:: - - [05/Aug/2024:00:14:02 -0400] "GET /images/favicon.ico HTTP/1.1" 200 270398 ubaaverages.com "https://ubaaverages.com/" "Mozilla/5.0 (iPhone; CPU iPhone OS 17_5_1 like Mac OS X) AppleWebKit/605.1.15 (KHTML, like Gecko) Version/17.5 Mobile/15E148 Safari/604.1" "-"
2600:8806:a500:: - - [05/Aug/2024:00:14:03 -0400] "GET / HTTP/1.1" 200 3335 ubaaverages.com "-" "Mozilla/5.0 (iPhone; CPU iPhone OS 17_5_1 like Mac OS X) AppleWebKit/605.1.15 (KHTML, like Gecko) Version/17.5 Mobile/15E148 Safari/604.1" "-"
2600:8806:a500:: - - [05/Aug/2024:00:14:04 -0400] "GET / HTTP/1.1" 200 3335 ubaaverages.com "-" "Mozilla/5.0 (iPhone; CPU iPhone OS 17_5_1 like Mac OS X) AppleWebKit/605.1.15 (KHTML, like Gecko) Version/17.5 Mobile/15E148 Safari/604.1" "-"
43.163.6.0 - - [05/Aug/2024:00:18:19 -0400] "GET / HTTP/1.1" 200 3335 www.ubaaverages.com "-" "Mozilla/5.0 (iPhone; CPU iPhone OS 13_2_3 like Mac OS X) AppleWebKit/605.1.15 (KHTML, like Gecko) Version/13.0.3 Mobile/15E148 Safari/604.1" "-"
2603:9001:5b00:: - - [05/Aug/2024:00:21:02 -0400] "GET / HTTP/1.1" 200 3335 ubaaverages.com "-" "Mozilla/5.0 (iPhone; CPU iPhone OS 17_5_1 like Mac OS X) AppleWebKit/605.1.15 (KHTML, like Gecko) Version/17.5 Mobile/15E148 Safari/604.1" "-"
2603:9001:5b00:: - - [05/Aug/2024:00:21:08 -0400] "POST /verify.php HTTP/1.1" 302 - ubaaverages.com "https://ubaaverages.com/" "Mozilla/5.0 (iPhone; CPU iPhone OS 17_5_1 like Mac OS X) AppleWebKit/605.1.15 (KHTML, like Gecko) Version/17.5 Mobile/15E148 Safari/604.1" "-"
2603:9001:5b00:: - - [05/Aug/2024:00:21:08 -0400] "GET /dashboard/home.php HTTP/1.1" 200 149070 ubaaverages.com "https://ubaaverages.com/" "Mozilla/5.0 (iPhone; CPU iPhone OS 17_5_1 like Mac OS X) AppleWebKit/605.1.15 (KHTML, like Gecko) Version/17.5 Mobile/15E148 Safari/604.1" "-"
2603:9001:5b00:: - - [05/Aug/2024:00:21:09 -0400] "POST /dashboard/fatchSeasonAvrg.php HTTP/1.1" 200 2 ubaaverages.com "https://ubaaverages.com/dashboard/home.php" "Mozilla/5.0 (iPhone; CPU iPhone OS 17_5_1 like Mac OS X) AppleWebKit/605.1.15 (KHTML, like Gecko) Version/17.5 Mobile/15E148 Safari/604.1" "-"
2603:9001:5b00:: - - [05/Aug/2024:00:21:13 -0400] "GET /dashboard/search.php HTTP/1.1" 200 35362 ubaaverages.com "https://ubaaverages.com/dashboard/home.php" "Mozilla/5.0 (iPhone; CPU iPhone OS 17_5_1 like Mac OS X) AppleWebKit/605.1.15 (KHTML, like Gecko) Version/17.5 Mobile/15E148 Safari/604.1" "-"
2603:9001:5b00:: - - [05/Aug/2024:00:21:17 -0400] "POST /dashboard/search.php HTTP/1.1" 200 37721 ubaaverages.com "https://ubaaverages.com/dashboard/search.php" "Mozilla/5.0 (iPhone; CPU iPhone OS 17_5_1 like Mac OS X) AppleWebKit/605.1.15 (KHTML, like Gecko) Version/17.5 Mobile/15E148 Safari/604.1" "-"
24.191.0.0 - - [05/Aug/2024:00:24:42 -0400] "GET /dashboard/home.php HTTP/1.1" 302 23163 ubaaverages.com "-" "Mozilla/5.0 (Linux; Android 10; K) AppleWebKit/537.36 (KHTML, like Gecko) Chrome/127.0.0.0 Mobile Safari/537.36" "-"
24.191.0.0 - - [05/Aug/2024:00:24:42 -0400] "GET /index.php HTTP/1.1" 200 3335 ubaaverages.com "-" "Mozilla/5.0 (Linux; Android 10; K) AppleWebKit/537.36 (KHTML, like Gecko) Chrome/127.0.0.0 Mobile Safari/537.36" "-"
24.191.0.0 - - [05/Aug/2024:00:24:43 -0400] "GET /images/UBA_logo.png HTTP/1.1" 200 2077498 ubaaverages.com "https://ubaaverages.com/index.php" "Mozilla/5.0 (Linux; Android 10; K) AppleWebKit/537.36 (KHTML, like Gecko) Chrome/127.0.0.0 Mobile Safari/537.36" "-"
24.191.0.0 - - [05/Aug/2024:00:24:46 -0400] "POST /verify.php HTTP/1.1" 302 - ubaaverages.com "https://ubaaverages.com/index.php" "Mozilla/5.0 (Linux; Android 10; K) AppleWebKit/537.36 (KHTML, like Gecko) Chrome/127.0.0.0 Mobile Safari/537.36" "-"
24.191.0.0 - - [05/Aug/2024:00:24:47 -0400] "GET /dashboard/home.php HTTP/1.1" 200 24898 ubaaverages.com "https://ubaaverages.com/index.php" "Mozilla/5.0 (Linux; Android 10; K) AppleWebKit/537.36 (KHTML, like Gecko) Chrome/127.0.0.0 Mobile Safari/537.36" "-"
24.191.0.0 - - [05/Aug/2024:00:24:47 -0400] "POST /verify.php HTTP/1.1" 302 - ubaaverages.com "https://ubaaverages.com/index.php" "Mozilla/5.0 (Linux; Android 10; K) AppleWebKit/537.36 (KHTML, like Gecko) Chrome/127.0.0.0 Mobile Safari/537.36" "-"
24.191.0.0 - - [05/Aug/2024:00:24:47 -0400] "GET /dashboard/home.php HTTP/1.1" 200 104447 ubaaverages.com "https://ubaaverages.com/index.php" "Mozilla/5.0 (Linux; Android 10; K) AppleWebKit/537.36 (KHTML, like Gecko) Chrome/127.0.0.0 Mobile Safari/537.36" "-"
24.191.0.0 - - [05/Aug/2024:00:24:48 -0400] "POST /dashboard/fatchSeasonAvrg.php HTTP/1.1" 200 2 ubaaverages.com "https://ubaaverages.com/dashboard/home.php" "Mozilla/5.0 (Linux; Android 10; K) AppleWebKit/537.36 (KHTML, like Gecko) Chrome/127.0.0.0 Mobile Safari/537.36" "-"
24.191.0.0 - - [05/Aug/2024:00:25:06 -0400] "GET /dashboard/teamroster.php HTTP/1.1" 200 93766 ubaaverages.com "https://ubaaverages.com/dashboard/home.php" "Mozilla/5.0 (Linux; Android 10; K) AppleWebKit/537.36 (KHTML, like Gecko) Chrome/127.0.0.0 Mobile Safari/537.36" "-"
24.191.0.0 - - [05/Aug/2024:00:25:31 -0400] "GET /dashboard/editBowler.php?id=14493 HTTP/1.1" 200 54244 ubaaverages.com "https://ubaaverages.com/dashboard/teamroster.php" "Mozilla/5.0 (Linux; Android 10; K) AppleWebKit/537.36 (KHTML, like Gecko) Chrome/127.0.0.0 Mobile Safari/537.36" "-"
24.191.0.0 - - [05/Aug/2024:00:25:52 -0400] "GET /dashboard/teamroster.php HTTP/1.1" 200 93766 ubaaverages.com "https://ubaaverages.com/dashboard/editBowler.php?id=14493" "Mozilla/5.0 (Linux; Android 10; K) AppleWebKit/537.36 (KHTML, like Gecko) Chrome/127.0.0.0 Mobile Safari/537.36" "-"
100.37.205.0 - - [05/Aug/2024:00:26:10 -0400] "GET / HTTP/1.1" 200 3335 www.ubaaverages.com "-" "Mozilla/5.0 (Windows NT 10.0; Win64; x64) AppleWebKit/537.36 (KHTML, like Gecko) Chrome/127.0.0.0 Safari/537.36 Edg/127.0.0.0" "-"
100.37.205.0 - - [05/Aug/2024:00:26:11 -0400] "GET /css/style.css HTTP/1.1" 200 8607 www.ubaaverages.com "https://www.ubaaverages.com/" "Mozilla/5.0 (Windows NT 10.0; Win64; x64) AppleWebKit/537.36 (KHTML, like Gecko) Chrome/127.0.0.0 Safari/537.36 Edg/127.0.0.0" "-"
100.37.205.0 - - [05/Aug/2024:00:26:11 -0400] "GET /css/bootstrap.min.css HTTP/1.1" 200 140930 www.ubaaverages.com "https://www.ubaaverages.com/" "Mozilla/5.0 (Windows NT 10.0; Win64; x64) AppleWebKit/537.36 (KHTML, like Gecko) Chrome/127.0.0.0 Safari/537.36 Edg/127.0.0.0" "-"
100.37.205.0 - - [05/Aug/2024:00:26:11 -0400] "GET /js/jquery.js HTTP/1.1" 200 86927 www.ubaaverages.com "https://www.ubaaverages.com/" "Mozilla/5.0 (Windows NT 10.0; Win64; x64) AppleWebKit/537.36 (KHTML, like Gecko) Chrome/127.0.0.0 Safari/537.36 Edg/127.0.0.0" "-"
100.37.205.0 - - [05/Aug/2024:00:26:11 -0400] "GET /css/animate.css HTTP/1.1" 200 75052 www.ubaaverages.com "https://www.ubaaverages.com/" "Mozilla/5.0 (Windows NT 10.0; Win64; x64) AppleWebKit/537.36 (KHTML, like Gecko) Chrome/127.0.0.0 Safari/537.36 Edg/127.0.0.0" "-"
100.37.205.0 - - [05/Aug/2024:00:26:11 -0400] "GET /js/bootstrap.js HTTP/1.1" 200 122579 www.ubaaverages.com "https://www.ubaaverages.com/" "Mozilla/5.0 (Windows NT 10.0; Win64; x64) AppleWebKit/537.36 (KHTML, like Gecko) Chrome/127.0.0.0 Safari/537.36 Edg/127.0.0.0" "-"
100.37.205.0 - - [05/Aug/2024:00:26:11 -0400] "GET /js/popper.js HTTP/1.1" 200 84615 www.ubaaverages.com "https://www.ubaaverages.com/" "Mozilla/5.0 (Windows NT 10.0; Win64; x64) AppleWebKit/537.36 (KHTML, like Gecko) Chrome/127.0.0.0 Safari/537.36 Edg/127.0.0.0" "-"
100.37.205.0 - - [05/Aug/2024:00:26:11 -0400] "GET /images/UBA_logo.png HTTP/1.1" 200 2077498 www.ubaaverages.com "https://www.ubaaverages.com/" "Mozilla/5.0 (Windows NT 10.0; Win64; x64) AppleWebKit/537.36 (KHTML, like Gecko) Chrome/127.0.0.0 Safari/537.36 Edg/127.0.0.0" "-"
100.37.205.0 - - [05/Aug/2024:00:26:11 -0400] "GET /images/favicon.ico HTTP/1.1" 200 270398 www.ubaaverages.com "https://www.ubaaverages.com/" "Mozilla/5.0 (Windows NT 10.0; Win64; x64) AppleWebKit/537.36 (KHTML, like Gecko) Chrome/127.0.0.0 Safari/537.36 Edg/127.0.0.0" "-"
100.37.205.0 - - [05/Aug/2024:00:26:13 -0400] "POST /verify.php HTTP/1.1" 302 - www.ubaaverages.com "https://www.ubaaverages.com/" "Mozilla/5.0 (Windows NT 10.0; Win64; x64) AppleWebKit/537.36 (KHTML, like Gecko) Chrome/127.0.0.0 Safari/537.36 Edg/127.0.0.0" "-"
100.37.205.0 - - [05/Aug/2024:00:26:13 -0400] "GET /dashboard/home.php HTTP/1.1" 200 129992 ubaaverages.com "https://www.ubaaverages.com/" "Mozilla/5.0 (Windows NT 10.0; Win64; x64) AppleWebKit/537.36 (KHTML, like Gecko) Chrome/127.0.0.0 Safari/537.36 Edg/127.0.0.0" "-"
100.37.205.0 - - [05/Aug/2024:00:26:14 -0400] "POST /dashboard/fatchSeasonAvrg.php HTTP/1.1" 200 2 ubaaverages.com "https://ubaaverages.com/dashboard/home.php" "Mozilla/5.0 (Windows NT 10.0; Win64; x64) AppleWebKit/537.36 (KHTML, like Gecko) Chrome/127.0.0.0 Safari/537.36 Edg/127.0.0.0" "-"
100.37.205.0 - - [05/Aug/2024:00:26:19 -0400] "GET /dashboard/teamroster.php HTTP/1.1" 200 66650 ubaaverages.com "https://ubaaverages.com/dashboard/home.php" "Mozilla/5.0 (Windows NT 10.0; Win64; x64) AppleWebKit/537.36 (KHTML, like Gecko) Chrome/127.0.0.0 Safari/537.36 Edg/127.0.0.0" "-"
100.37.205.0 - - [05/Aug/2024:00:26:42 -0400] "GET /dashboard/editBowler.php?id=13507 HTTP/1.1" 200 54461 ubaaverages.com "https://ubaaverages.com/dashboard/teamroster.php" "Mozilla/5.0 (Windows NT 10.0; Win64; x64) AppleWebKit/537.36 (KHTML, like Gecko) Chrome/127.0.0.0 Safari/537.36 Edg/127.0.0.0" "-"
2600:387:: - - [05/Aug/2024:00:26:54 -0400] "GET / HTTP/1.1" 200 3335 ubaaverages.com "https://www.google.com/" "Mozilla/5.0 (X11; Linux x86_64) AppleWebKit/537.36 (KHTML, like Gecko) Chrome/127.0.0.0 Safari/537.36" "-"
2600:387:: - - [05/Aug/2024:00:26:54 -0400] "GET /css/animate.css HTTP/1.1" 200 75052 ubaaverages.com "https://ubaaverages.com/" "Mozilla/5.0 (X11; Linux x86_64) AppleWebKit/537.36 (KHTML, like Gecko) Chrome/127.0.0.0 Safari/537.36" "-"
2600:387:: - - [05/Aug/2024:00:26:54 -0400] "GET /css/bootstrap.min.css HTTP/1.1" 200 140930 ubaaverages.com "https://ubaaverages.com/" "Mozilla/5.0 (X11; Linux x86_64) AppleWebKit/537.36 (KHTML, like Gecko) Chrome/127.0.0.0 Safari/537.36" "-"
2600:387:: - - [05/Aug/2024:00:26:54 -0400] "GET /css/style.css HTTP/1.1" 200 8607 ubaaverages.com "https://ubaaverages.com/" "Mozilla/5.0 (X11; Linux x86_64) AppleWebKit/537.36 (KHTML, like Gecko) Chrome/127.0.0.0 Safari/537.36" "-"
2600:387:: - - [05/Aug/2024:00:26:54 -0400] "GET /images/UBA_logo.png HTTP/1.1" 200 2077498 ubaaverages.com "https://ubaaverages.com/" "Mozilla/5.0 (X11; Linux x86_64) AppleWebKit/537.36 (KHTML, like Gecko) Chrome/127.0.0.0 Safari/537.36" "-"
2600:387:: - - [05/Aug/2024:00:26:54 -0400] "GET /js/popper.js HTTP/1.1" 200 84615 ubaaverages.com "https://ubaaverages.com/" "Mozilla/5.0 (X11; Linux x86_64) AppleWebKit/537.36 (KHTML, like Gecko) Chrome/127.0.0.0 Safari/537.36" "-"
2600:387:: - - [05/Aug/2024:00:26:54 -0400] "GET /js/bootstrap.js HTTP/1.1" 200 122579 ubaaverages.com "https://ubaaverages.com/" "Mozilla/5.0 (X11; Linux x86_64) AppleWebKit/537.36 (KHTML, like Gecko) Chrome/127.0.0.0 Safari/537.36" "-"
2600:387:: - - [05/Aug/2024:00:26:54 -0400] "GET /js/jquery.js HTTP/1.1" 200 86927 ubaaverages.com "https://ubaaverages.com/" "Mozilla/5.0 (X11; Linux x86_64) AppleWebKit/537.36 (KHTML, like Gecko) Chrome/127.0.0.0 Safari/537.36" "-"
2600:387:: - - [05/Aug/2024:00:26:57 -0400] "GET /images/favicon.ico HTTP/1.1" 200 270398 ubaaverages.com "https://ubaaverages.com/" "Mozilla/5.0 (X11; Linux x86_64) AppleWebKit/537.36 (KHTML, like Gecko) Chrome/127.0.0.0 Safari/537.36" "-"
2600:387:: - - [05/Aug/2024:00:26:58 -0400] "POST /verify.php HTTP/1.1" 302 - ubaaverages.com "https://ubaaverages.com/" "Mozilla/5.0 (X11; Linux x86_64) AppleWebKit/537.36 (KHTML, like Gecko) Chrome/127.0.0.0 Safari/537.36" "-"
2600:387:: - - [05/Aug/2024:00:26:59 -0400] "GET /dashboard/home.php HTTP/1.1" 200 73565 ubaaverages.com "https://ubaaverages.com/" "Mozilla/5.0 (X11; Linux x86_64) AppleWebKit/537.36 (KHTML, like Gecko) Chrome/127.0.0.0 Safari/537.36" "-"
2600:387:: - - [05/Aug/2024:00:26:59 -0400] "GET /dashboard/css/style.css HTTP/1.1" 200 10558 ubaaverages.com "https://ubaaverages.com/dashboard/home.php" "Mozilla/5.0 (X11; Linux x86_64) AppleWebKit/537.36 (KHTML, like Gecko) Chrome/127.0.0.0 Safari/537.36" "-"
2600:387:: - - [05/Aug/2024:00:26:59 -0400] "GET /js/jquery-ui.min.js HTTP/1.1" 200 253668 ubaaverages.com "https://ubaaverages.com/dashboard/home.php" "Mozilla/5.0 (X11; Linux x86_64) AppleWebKit/537.36 (KHTML, like Gecko) Chrome/127.0.0.0 Safari/537.36" "-"
2600:387:: - - [05/Aug/2024:00:26:59 -0400] "GET /js/app.js HTTP/1.1" 200 1052 ubaaverages.com "https://ubaaverages.com/dashboard/home.php" "Mozilla/5.0 (X11; Linux x86_64) AppleWebKit/537.36 (KHTML, like Gecko) Chrome/127.0.0.0 Safari/537.36" "-"
2600:387:: - - [05/Aug/2024:00:27:01 -0400] "POST /dashboard/fatchSeasonAvrg.php HTTP/1.1" 200 2 ubaaverages.com "https://ubaaverages.com/dashboard/home.php" "Mozilla/5.0 (X11; Linux x86_64) AppleWebKit/537.36 (KHTML, like Gecko) Chrome/127.0.0.0 Safari/537.36" "-"
2600:387:: - - [05/Aug/2024:00:27:10 -0400] "GET /dashboard/search.php HTTP/1.1" 200 35362 ubaaverages.com "https://ubaaverages.com/dashboard/home.php" "Mozilla/5.0 (X11; Linux x86_64) AppleWebKit/537.36 (KHTML, like Gecko) Chrome/127.0.0.0 Safari/537.36" "-"
2600:387:: - - [05/Aug/2024:00:27:10 -0400] "GET /dashboard/css/styleTwo.css HTTP/1.1" 200 6094 ubaaverages.com "https://ubaaverages.com/dashboard/search.php" "Mozilla/5.0 (X11; Linux x86_64) AppleWebKit/537.36 (KHTML, like Gecko) Chrome/127.0.0.0 Safari/537.36" "-"
2600:387:: - - [05/Aug/2024:00:27:44 -0400] "GET /dashboard/home.php HTTP/1.1" 200 73565 ubaaverages.com "https://ubaaverages.com/" "Mozilla/5.0 (X11; Linux x86_64) AppleWebKit/537.36 (KHTML, like Gecko) Chrome/127.0.0.0 Safari/537.36" "-"
2600:387:: - - [05/Aug/2024:00:27:45 -0400] "GET / HTTP/1.1" 200 3335 ubaaverages.com "https://www.google.com/" "Mozilla/5.0 (X11; Linux x86_64) AppleWebKit/537.36 (KHTML, like Gecko) Chrome/127.0.0.0 Safari/537.36" "-"
2600:387:: - - [05/Aug/2024:00:27:49 -0400] "POST /verify.php HTTP/1.1" 302 - ubaaverages.com "https://ubaaverages.com/" "Mozilla/5.0 (X11; Linux x86_64) AppleWebKit/537.36 (KHTML, like Gecko) Chrome/127.0.0.0 Safari/537.36" "-"
2600:387:: - - [05/Aug/2024:00:27:49 -0400] "GET /dashboard/home.php HTTP/1.1" 200 73565 ubaaverages.com "https://ubaaverages.com/" "Mozilla/5.0 (X11; Linux x86_64) AppleWebKit/537.36 (KHTML, like Gecko) Chrome/127.0.0.0 Safari/537.36" "-"
2600:387:: - - [05/Aug/2024:00:27:50 -0400] "POST /dashboard/fatchSeasonAvrg.php HTTP/1.1" 200 2 ubaaverages.com "https://ubaaverages.com/dashboard/home.php" "Mozilla/5.0 (X11; Linux x86_64) AppleWebKit/537.36 (KHTML, like Gecko) Chrome/127.0.0.0 Safari/537.36" "-"
100.37.205.0 - - [05/Aug/2024:00:28:13 -0400] "POST /dashboard/process/bowlerEdits.php HTTP/1.1" 302 - ubaaverages.com "https://ubaaverages.com/dashboard/editBowler.php?id=13507" "Mozilla/5.0 (Windows NT 10.0; Win64; x64) AppleWebKit/537.36 (KHTML, like Gecko) Chrome/127.0.0.0 Safari/537.36 Edg/127.0.0.0" "-"
100.37.205.0 - - [05/Aug/2024:00:28:13 -0400] "GET /dashboard/editBowler.php?id=13507 HTTP/1.1" 200 54523 ubaaverages.com "https://ubaaverages.com/dashboard/editBowler.php?id=13507" "Mozilla/5.0 (Windows NT 10.0; Win64; x64) AppleWebKit/537.36 (KHTML, like Gecko) Chrome/127.0.0.0 Safari/537.36 Edg/127.0.0.0" "-"
2600:387:: - - [05/Aug/2024:00:28:31 -0400] "GET /dashboard/details.php HTTP/1.1" 200 50409 ubaaverages.com "https://ubaaverages.com/dashboard/home.php" "Mozilla/5.0 (X11; Linux x86_64) AppleWebKit/537.36 (KHTML, like Gecko) Chrome/127.0.0.0 Safari/537.36" "-"
2600:387:: - - [05/Aug/2024:00:28:39 -0400] "GET /dashboard/home.php HTTP/1.1" 200 73565 ubaaverages.com "https://ubaaverages.com/" "Mozilla/5.0 (X11; Linux x86_64) AppleWebKit/537.36 (KHTML, like Gecko) Chrome/127.0.0.0 Safari/537.36" "-"
2600:387:: - - [05/Aug/2024:00:28:40 -0400] "POST /dashboard/fatchSeasonAvrg.php HTTP/1.1" 200 2 ubaaverages.com "https://ubaaverages.com/dashboard/home.php" "Mozilla/5.0 (X11; Linux x86_64) AppleWebKit/537.36 (KHTML, like Gecko) Chrome/127.0.0.0 Safari/537.36" "-"
2600:387:: - - [05/Aug/2024:00:28:44 -0400] "GET / HTTP/1.1" 200 3335 ubaaverages.com "https://www.google.com/" "Mozilla/5.0 (X11; Linux x86_64) AppleWebKit/537.36 (KHTML, like Gecko) Chrome/127.0.0.0 Safari/537.36" "-"
2600:387:: - - [05/Aug/2024:00:28:47 -0400] "POST /verify.php HTTP/1.1" 302 - ubaaverages.com "https://ubaaverages.com/" "Mozilla/5.0 (X11; Linux x86_64) AppleWebKit/537.36 (KHTML, like Gecko) Chrome/127.0.0.0 Safari/537.36" "-"
2600:387:: - - [05/Aug/2024:00:28:47 -0400] "GET /dashboard/home.php HTTP/1.1" 200 74261 ubaaverages.com "https://ubaaverages.com/" "Mozilla/5.0 (X11; Linux x86_64) AppleWebKit/537.36 (KHTML, like Gecko) Chrome/127.0.0.0 Safari/537.36" "-"
2600:387:: - - [05/Aug/2024:00:28:48 -0400] "POST /dashboard/fatchSeasonAvrg.php HTTP/1.1" 200 2 ubaaverages.com "https://ubaaverages.com/dashboard/home.php" "Mozilla/5.0 (X11; Linux x86_64) AppleWebKit/537.36 (KHTML, like Gecko) Chrome/127.0.0.0 Safari/537.36" "-"
2600:387:: - - [05/Aug/2024:00:29:08 -0400] "GET /dashboard/teamroster.php HTTP/1.1" 200 66654 ubaaverages.com "https://ubaaverages.com/dashboard/home.php" "Mozilla/5.0 (X11; Linux x86_64) AppleWebKit/537.36 (KHTML, like Gecko) Chrome/127.0.0.0 Safari/537.36" "-"
2600:387:: - - [05/Aug/2024:00:29:13 -0400] "GET /dashboard/search.php HTTP/1.1" 200 35362 ubaaverages.com "https://ubaaverages.com/dashboard/teamroster.php" "Mozilla/5.0 (X11; Linux x86_64) AppleWebKit/537.36 (KHTML, like Gecko) Chrome/127.0.0.0 Safari/537.36" "-"
100.37.205.0 - - [05/Aug/2024:00:29:14 -0400] "GET /dashboard/home.php HTTP/1.1" 200 129992 ubaaverages.com "https://ubaaverages.com/dashboard/editBowler.php?id=13507" "Mozilla/5.0 (Windows NT 10.0; Win64; x64) AppleWebKit/537.36 (KHTML, like Gecko) Chrome/127.0.0.0 Safari/537.36 Edg/127.0.0.0" "-"
100.37.205.0 - - [05/Aug/2024:00:29:15 -0400] "POST /dashboard/fatchSeasonAvrg.php HTTP/1.1" 200 2 ubaaverages.com "https://ubaaverages.com/dashboard/home.php" "Mozilla/5.0 (Windows NT 10.0; Win64; x64) AppleWebKit/537.36 (KHTML, like Gecko) Chrome/127.0.0.0 Safari/537.36 Edg/127.0.0.0" "-"
2600:387:: - - [05/Aug/2024:00:29:15 -0400] "GET /dashboard/teamroster.php HTTP/1.1" 200 35299 ubaaverages.com "https://ubaaverages.com/dashboard/home.php" "Mozilla/5.0 (X11; Linux x86_64) AppleWebKit/537.36 (KHTML, like Gecko) Chrome/127.0.0.0 Safari/537.36" "-"
2600:387:: - - [05/Aug/2024:00:29:16 -0400] "GET /dashboard/home.php HTTP/1.1" 200 74261 ubaaverages.com "https://ubaaverages.com/" "Mozilla/5.0 (X11; Linux x86_64) AppleWebKit/537.36 (KHTML, like Gecko) Chrome/127.0.0.0 Safari/537.36" "-"
2600:387:: - - [05/Aug/2024:00:29:17 -0400] "POST /dashboard/fatchSeasonAvrg.php HTTP/1.1" 200 2 ubaaverages.com "https://ubaaverages.com/dashboard/home.php" "Mozilla/5.0 (X11; Linux x86_64) AppleWebKit/537.36 (KHTML, like Gecko) Chrome/127.0.0.0 Safari/537.36" "-"
2600:387:: - - [05/Aug/2024:00:29:21 -0400] "GET /dashboard/teamroster.php HTTP/1.1" 200 66654 ubaaverages.com "https://ubaaverages.com/dashboard/home.php" "Mozilla/5.0 (X11; Linux x86_64) AppleWebKit/537.36 (KHTML, like Gecko) Chrome/127.0.0.0 Safari/537.36" "-"
2600:387:: - - [05/Aug/2024:00:30:17 -0400] "GET /dashboard/editBowler.php?id=10594 HTTP/1.1" 200 54207 ubaaverages.com "https://ubaaverages.com/dashboard/teamroster.php" "Mozilla/5.0 (X11; Linux x86_64) AppleWebKit/537.36 (KHTML, like Gecko) Chrome/127.0.0.0 Safari/537.36" "-"
2600:387:: - - [05/Aug/2024:00:30:22 -0400] "GET /dashboard/teamroster.php HTTP/1.1" 200 66654 ubaaverages.com "https://ubaaverages.com/dashboard/editBowler.php?id=10594" "Mozilla/5.0 (X11; Linux x86_64) AppleWebKit/537.36 (KHTML, like Gecko) Chrome/127.0.0.0 Safari/537.36" "-"
2600:387:: - - [05/Aug/2024:00:30:42 -0400] "GET /dashboard/teamroster.php HTTP/1.1" 200 66654 ubaaverages.com "https://ubaaverages.com/dashboard/editBowler.php?id=10594" "Mozilla/5.0 (Linux; Android 10; K) AppleWebKit/537.36 (KHTML, like Gecko) Chrome/127.0.0.0 Mobile Safari/537.36" "-"
2600:387:: - - [05/Aug/2024:00:30:55 -0400] "GET /dashboard/editBowler.php?id=10594 HTTP/1.1" 200 54207 ubaaverages.com "https://ubaaverages.com/dashboard/teamroster.php" "Mozilla/5.0 (Linux; Android 10; K) AppleWebKit/537.36 (KHTML, like Gecko) Chrome/127.0.0.0 Mobile Safari/537.36" "-"
2600:387:: - - [05/Aug/2024:00:31:01 -0400] "GET /dashboard/teamroster.php HTTP/1.1" 200 66654 ubaaverages.com "https://ubaaverages.com/dashboard/editBowler.php?id=10594" "Mozilla/5.0 (Linux; Android 10; K) AppleWebKit/537.36 (KHTML, like Gecko) Chrome/127.0.0.0 Mobile Safari/537.36" "-"
100.37.205.0 - - [05/Aug/2024:00:31:08 -0400] "GET / HTTP/1.1" 200 3335 www.ubaaverages.com "-" "Mozilla/5.0 (Windows NT 10.0; Win64; x64) AppleWebKit/537.36 (KHTML, like Gecko) Chrome/127.0.0.0 Safari/537.36 Edg/127.0.0.0" "-"
100.37.205.0 - - [05/Aug/2024:00:31:10 -0400] "POST /verify.php HTTP/1.1" 302 - www.ubaaverages.com "https://www.ubaaverages.com/" "Mozilla/5.0 (Windows NT 10.0; Win64; x64) AppleWebKit/537.36 (KHTML, like Gecko) Chrome/127.0.0.0 Safari/537.36 Edg/127.0.0.0" "-"
100.37.205.0 - - [05/Aug/2024:00:31:10 -0400] "GET /dashboard/home.php HTTP/1.1" 200 129992 ubaaverages.com "https://www.ubaaverages.com/" "Mozilla/5.0 (Windows NT 10.0; Win64; x64) AppleWebKit/537.36 (KHTML, like Gecko) Chrome/127.0.0.0 Safari/537.36 Edg/127.0.0.0" "-"
100.37.205.0 - - [05/Aug/2024:00:31:11 -0400] "POST /dashboard/fatchSeasonAvrg.php HTTP/1.1" 200 2 ubaaverages.com "https://ubaaverages.com/dashboard/home.php" "Mozilla/5.0 (Windows NT 10.0; Win64; x64) AppleWebKit/537.36 (KHTML, like Gecko) Chrome/127.0.0.0 Safari/537.36 Edg/127.0.0.0" "-"
100.37.205.0 - - [05/Aug/2024:00:31:20 -0400] "GET /dashboard/teamroster.php HTTP/1.1" 200 66656 ubaaverages.com "https://ubaaverages.com/dashboard/home.php" "Mozilla/5.0 (Windows NT 10.0; Win64; x64) AppleWebKit/537.36 (KHTML, like Gecko) Chrome/127.0.0.0 Safari/537.36 Edg/127.0.0.0" "-"
100.37.205.0 - - [05/Aug/2024:00:31:35 -0400] "GET /dashboard/editBowler.php?id=13507 HTTP/1.1" 200 54449 ubaaverages.com "https://ubaaverages.com/dashboard/teamroster.php" "Mozilla/5.0 (Windows NT 10.0; Win64; x64) AppleWebKit/537.36 (KHTML, like Gecko) Chrome/127.0.0.0 Safari/537.36 Edg/127.0.0.0" "-"
100.37.205.0 - - [05/Aug/2024:00:31:43 -0400] "POST /dashboard/process/bowlerEdits.php HTTP/1.1" 302 - ubaaverages.com "https://ubaaverages.com/dashboard/editBowler.php?id=13507" "Mozilla/5.0 (Windows NT 10.0; Win64; x64) AppleWebKit/537.36 (KHTML, like Gecko) Chrome/127.0.0.0 Safari/537.36 Edg/127.0.0.0" "-"
100.37.205.0 - - [05/Aug/2024:00:31:44 -0400] "GET /dashboard/editBowler.php?id=13507 HTTP/1.1" 200 54523 ubaaverages.com "https://ubaaverages.com/dashboard/editBowler.php?id=13507" "Mozilla/5.0 (Windows NT 10.0; Win64; x64) AppleWebKit/537.36 (KHTML, like Gecko) Chrome/127.0.0.0 Safari/537.36 Edg/127.0.0.0" "-"
24.191.0.0 - - [05/Aug/2024:00:31:47 -0400] "GET /dashboard/editBowler.php?id=2977 HTTP/1.1" 200 54223 ubaaverages.com "https://ubaaverages.com/dashboard/teamroster.php" "Mozilla/5.0 (Linux; Android 10; K) AppleWebKit/537.36 (KHTML, like Gecko) Chrome/127.0.0.0 Mobile Safari/537.36" "-"
2600:387:: - - [05/Aug/2024:00:31:47 -0400] "GET /dashboard/home.php HTTP/1.1" 200 74261 ubaaverages.com "https://ubaaverages.com/dashboard/teamroster.php" "Mozilla/5.0 (Linux; Android 10; K) AppleWebKit/537.36 (KHTML, like Gecko) Chrome/127.0.0.0 Mobile Safari/537.36" "-"
2600:387:: - - [05/Aug/2024:00:31:48 -0400] "POST /dashboard/fatchSeasonAvrg.php HTTP/1.1" 200 2 ubaaverages.com "https://ubaaverages.com/dashboard/home.php" "Mozilla/5.0 (Linux; Android 10; K) AppleWebKit/537.36 (KHTML, like Gecko) Chrome/127.0.0.0 Mobile Safari/537.36" "-"
100.37.205.0 - - [05/Aug/2024:00:31:49 -0400] "GET /dashboard/teamroster.php HTTP/1.1" 200 66658 ubaaverages.com "https://ubaaverages.com/dashboard/editBowler.php?id=13507" "Mozilla/5.0 (Windows NT 10.0; Win64; x64) AppleWebKit/537.36 (KHTML, like Gecko) Chrome/127.0.0.0 Safari/537.36 Edg/127.0.0.0" "-"
24.191.0.0 - - [05/Aug/2024:00:31:52 -0400] "GET /dashboard/teamroster.php HTTP/1.1" 200 93766 ubaaverages.com "https://ubaaverages.com/dashboard/editBowler.php?id=2977" "Mozilla/5.0 (Linux; Android 10; K) AppleWebKit/537.36 (KHTML, like Gecko) Chrome/127.0.0.0 Mobile Safari/537.36" "-"
2600:387:: - - [05/Aug/2024:00:31:55 -0400] "GET /dashboard/search.php HTTP/1.1" 200 35362 ubaaverages.com "https://ubaaverages.com/dashboard/home.php" "Mozilla/5.0 (Linux; Android 10; K) AppleWebKit/537.36 (KHTML, like Gecko) Chrome/127.0.0.0 Mobile Safari/537.36" "-"
2600:387:: - - [05/Aug/2024:00:31:58 -0400] "GET /dashboard/home.php HTTP/1.1" 200 74261 ubaaverages.com "https://ubaaverages.com/dashboard/search.php" "Mozilla/5.0 (Linux; Android 10; K) AppleWebKit/537.36 (KHTML, like Gecko) Chrome/127.0.0.0 Mobile Safari/537.36" "-"
2600:387:: - - [05/Aug/2024:00:31:59 -0400] "POST /dashboard/fatchSeasonAvrg.php HTTP/1.1" 200 2 ubaaverages.com "https://ubaaverages.com/dashboard/home.php" "Mozilla/5.0 (Linux; Android 10; K) AppleWebKit/537.36 (KHTML, like Gecko) Chrome/127.0.0.0 Mobile Safari/537.36" "-"
24.191.0.0 - - [05/Aug/2024:00:32:05 -0400] "GET /dashboard/teamAddBowler.php HTTP/1.1" 200 47232 ubaaverages.com "https://ubaaverages.com/dashboard/teamroster.php" "Mozilla/5.0 (Linux; Android 10; K) AppleWebKit/537.36 (KHTML, like Gecko) Chrome/127.0.0.0 Mobile Safari/537.36" "-"
2600:387:: - - [05/Aug/2024:00:32:06 -0400] "GET / HTTP/1.1" 200 3335 ubaaverages.com "https://www.google.com/" "Mozilla/5.0 (Linux; Android 10; K) AppleWebKit/537.36 (KHTML, like Gecko) Chrome/127.0.0.0 Mobile Safari/537.36" "-"
2600:387:: - - [05/Aug/2024:00:32:08 -0400] "POST /verify.php HTTP/1.1" 302 - ubaaverages.com "https://ubaaverages.com/" "Mozilla/5.0 (Linux; Android 10; K) AppleWebKit/537.36 (KHTML, like Gecko) Chrome/127.0.0.0 Mobile Safari/537.36" "-"
2600:387:: - - [05/Aug/2024:00:32:08 -0400] "GET /dashboard/home.php HTTP/1.1" 200 74263 ubaaverages.com "https://ubaaverages.com/" "Mozilla/5.0 (Linux; Android 10; K) AppleWebKit/537.36 (KHTML, like Gecko) Chrome/127.0.0.0 Mobile Safari/537.36" "-"
66.249.83.0 - - [05/Aug/2024:00:32:09 -0400] "GET /dashboard/teamAddBowler.php HTTP/1.1" 302 46305 ubaaverages.com "-" "Mozilla/5.0 (Linux; Android 7.0; SM-G930V Build/NRD90M) AppleWebKit/537.36 (KHTML, like Gecko) Chrome/59.0.3071.125 Mobile Safari/537.36 (compatible; Google-Read-Aloud; +https://support.google.com/webmasters/answer/1061943)" "-"
2600:387:: - - [05/Aug/2024:00:32:09 -0400] "POST /dashboard/fatchSeasonAvrg.php HTTP/1.1" 200 2 ubaaverages.com "https://ubaaverages.com/dashboard/home.php" "Mozilla/5.0 (Linux; Android 10; K) AppleWebKit/537.36 (KHTML, like Gecko) Chrome/127.0.0.0 Mobile Safari/537.36" "-"
66.249.83.0 - - [05/Aug/2024:00:32:09 -0400] "GET /index.php HTTP/1.1" 200 3335 ubaaverages.com "-" "Mozilla/5.0 (Linux; Android 7.0; SM-G930V Build/NRD90M) AppleWebKit/537.36 (KHTML, like Gecko) Chrome/59.0.3071.125 Mobile Safari/537.36 (compatible; Google-Read-Aloud; +https://support.google.com/webmasters/answer/1061943)" "-"
66.249.83.0 - - [05/Aug/2024:00:32:09 -0400] "GET /index.php HTTP/1.1" 200 3335 ubaaverages.com "-" "Mozilla/5.0 (Linux; Android 7.0; SM-G930V Build/NRD90M) AppleWebKit/537.36 (KHTML, like Gecko) Chrome/59.0.3071.125 Mobile Safari/537.36 (compatible; Google-Read-Aloud; +https://support.google.com/webmasters/answer/1061943)" "-"
66.249.83.0 - - [05/Aug/2024:00:32:10 -0400] "GET /index.php HTTP/1.1" 200 3335 ubaaverages.com "-" "Mozilla/5.0 (Linux; Android 7.0; SM-G930V Build/NRD90M) AppleWebKit/537.36 (KHTML, like Gecko) Chrome/59.0.3071.125 Mobile Safari/537.36 (compatible; Google-Read-Aloud; +https://support.google.com/webmasters/answer/1061943)" "-"
66.249.83.0 - - [05/Aug/2024:00:32:10 -0400] "GET /js/popper.js HTTP/1.1" 200 84615 ubaaverages.com "https://ubaaverages.com/index.php" "Mozilla/5.0 (Linux; Android 7.0; SM-G930V Build/NRD90M) AppleWebKit/537.36 (KHTML, like Gecko) Chrome/59.0.3071.125 Mobile Safari/537.36 (compatible; Google-Read-Aloud; +https://support.google.com/webmasters/answer/1061943)" "-"
24.191.0.0 - - [05/Aug/2024:00:32:13 -0400] "POST /dashboard/teamAddBowler.php HTTP/1.1" 200 47648 ubaaverages.com "https://ubaaverages.com/dashboard/teamAddBowler.php" "Mozilla/5.0 (Linux; Android 10; K) AppleWebKit/537.36 (KHTML, like Gecko) Chrome/127.0.0.0 Mobile Safari/537.36" "-"
24.191.0.0 - - [05/Aug/2024:00:32:16 -0400] "GET /dashboard/teamAddBowler.php HTTP/1.1" 200 47232 ubaaverages.com "https://ubaaverages.com/dashboard/teamroster.php" "Mozilla/5.0 (Linux; Android 10; K) AppleWebKit/537.36 (KHTML, like Gecko) Chrome/127.0.0.0 Mobile Safari/537.36" "-"
2600:387:: - - [05/Aug/2024:00:32:16 -0400] "GET /dashboard/teamroster.php HTTP/1.1" 200 66658 ubaaverages.com "https://ubaaverages.com/dashboard/home.php" "Mozilla/5.0 (Linux; Android 10; K) AppleWebKit/537.36 (KHTML, like Gecko) Chrome/127.0.0.0 Mobile Safari/537.36" "-"
24.191.0.0 - - [05/Aug/2024:00:32:18 -0400] "GET /dashboard/teamroster.php HTTP/1.1" 200 93766 ubaaverages.com "https://ubaaverages.com/dashboard/editBowler.php?id=2977" "Mozilla/5.0 (Linux; Android 10; K) AppleWebKit/537.36 (KHTML, like Gecko) Chrome/127.0.0.0 Mobile Safari/537.36" "-"
24.191.0.0 - - [05/Aug/2024:00:32:27 -0400] "GET /dashboard/editBowler.php?id=2983 HTTP/1.1" 200 54205 ubaaverages.com "https://ubaaverages.com/dashboard/teamroster.php" "Mozilla/5.0 (Linux; Android 10; K) AppleWebKit/537.36 (KHTML, like Gecko) Chrome/127.0.0.0 Mobile Safari/537.36" "-"
2600:387:: - - [05/Aug/2024:00:32:32 -0400] "GET /dashboard/editBowler.php?id=10594 HTTP/1.1" 200 54209 ubaaverages.com "https://ubaaverages.com/dashboard/teamroster.php" "Mozilla/5.0 (Linux; Android 10; K) AppleWebKit/537.36 (KHTML, like Gecko) Chrome/127.0.0.0 Mobile Safari/537.36" "-"
24.191.0.0 - - [05/Aug/2024:00:32:32 -0400] "GET /dashboard/teamroster.php HTTP/1.1" 200 93766 ubaaverages.com "https://ubaaverages.com/dashboard/editBowler.php?id=2983" "Mozilla/5.0 (Linux; Android 10; K) AppleWebKit/537.36 (KHTML, like Gecko) Chrome/127.0.0.0 Mobile Safari/537.36" "-"
2600:387:: - - [05/Aug/2024:00:32:41 -0400] "GET /dashboard/teamAddBowler.php HTTP/1.1" 200 47223 ubaaverages.com "https://ubaaverages.com/dashboard/editBowler.php?id=10594" "Mozilla/5.0 (Linux; Android 10; K) AppleWebKit/537.36 (KHTML, like Gecko) Chrome/127.0.0.0 Mobile Safari/537.36" "-"
2600:387:: - - [05/Aug/2024:00:32:50 -0400] "POST /dashboard/teamAddBowler.php HTTP/1.1" 200 47639 ubaaverages.com "https://ubaaverages.com/dashboard/teamAddBowler.php" "Mozilla/5.0 (Linux; Android 10; K) AppleWebKit/537.36 (KHTML, like Gecko) Chrome/127.0.0.0 Mobile Safari/537.36" "-"
2600:387:: - - [05/Aug/2024:00:32:55 -0400] "GET /dashboard/teamAddBowler.php HTTP/1.1" 200 47223 ubaaverages.com "https://ubaaverages.com/dashboard/editBowler.php?id=10594" "Mozilla/5.0 (Linux; Android 10; K) AppleWebKit/537.36 (KHTML, like Gecko) Chrome/127.0.0.0 Mobile Safari/537.36" "-"
2600:387:: - - [05/Aug/2024:00:32:57 -0400] "GET /dashboard/editBowler.php?id=10594 HTTP/1.1" 200 54209 ubaaverages.com "https://ubaaverages.com/dashboard/teamroster.php" "Mozilla/5.0 (Linux; Android 10; K) AppleWebKit/537.36 (KHTML, like Gecko) Chrome/127.0.0.0 Mobile Safari/537.36" "-"
2600:387:: - - [05/Aug/2024:00:32:59 -0400] "GET /dashboard/teamroster.php HTTP/1.1" 200 66658 ubaaverages.com "https://ubaaverages.com/dashboard/editBowler.php?id=10594" "Mozilla/5.0 (Linux; Android 10; K) AppleWebKit/537.36 (KHTML, like Gecko) Chrome/127.0.0.0 Mobile Safari/537.36" "-"
2600:387:: - - [05/Aug/2024:00:33:26 -0400] "GET /dashboard/editBowler.php?id=13507 HTTP/1.1" 200 54199 ubaaverages.com "https://ubaaverages.com/dashboard/teamroster.php" "Mozilla/5.0 (Linux; Android 10; K) AppleWebKit/537.36 (KHTML, like Gecko) Chrome/127.0.0.0 Mobile Safari/537.36" "-"
2600:387:: - - [05/Aug/2024:00:33:36 -0400] "POST /dashboard/process/bowlerEdits.php HTTP/1.1" 200 - ubaaverages.com "https://ubaaverages.com/dashboard/editBowler.php?id=13507" "Mozilla/5.0 (Linux; Android 10; K) AppleWebKit/537.36 (KHTML, like Gecko) Chrome/127.0.0.0 Mobile Safari/537.36" "-"
2600:387:: - - [05/Aug/2024:00:33:36 -0400] "GET /favicon.ico HTTP/1.1" 404 1271 ubaaverages.com "https://ubaaverages.com/dashboard/process/bowlerEdits.php" "Mozilla/5.0 (Linux; Android 10; K) AppleWebKit/537.36 (KHTML, like Gecko) Chrome/127.0.0.0 Mobile Safari/537.36" "-"
2600:387:: - - [05/Aug/2024:00:33:41 -0400] "POST /dashboard/process/bowlerEdits.php HTTP/1.1" 200 - ubaaverages.com "https://ubaaverages.com/dashboard/editBowler.php?id=13507" "Mozilla/5.0 (Linux; Android 10; K) AppleWebKit/537.36 (KHTML, like Gecko) Chrome/127.0.0.0 Mobile Safari/537.36" "-"
2600:387:: - - [05/Aug/2024:00:33:53 -0400] "POST /dashboard/process/bowlerEdits.php HTTP/1.1" 200 - ubaaverages.com "https://ubaaverages.com/dashboard/editBowler.php?id=13507" "Mozilla/5.0 (Linux; Android 10; K) AppleWebKit/537.36 (KHTML, like Gecko) Chrome/127.0.0.0 Mobile Safari/537.36" "-"
2600:387:: - - [05/Aug/2024:00:33:55 -0400] "GET /dashboard/editBowler.php?id=13507 HTTP/1.1" 200 54199 ubaaverages.com "https://ubaaverages.com/dashboard/teamroster.php" "Mozilla/5.0 (Linux; Android 10; K) AppleWebKit/537.36 (KHTML, like Gecko) Chrome/127.0.0.0 Mobile Safari/537.36" "-"
2600:387:: - - [05/Aug/2024:00:33:58 -0400] "POST /dashboard/process/bowlerEdits.php HTTP/1.1" 200 - ubaaverages.com "https://ubaaverages.com/dashboard/editBowler.php?id=13507" "Mozilla/5.0 (Linux; Android 10; K) AppleWebKit/537.36 (KHTML, like Gecko) Chrome/127.0.0.0 Mobile Safari/537.36" "-"
24.191.0.0 - - [05/Aug/2024:00:33:59 -0400] "GET /dashboard/teamAddBowler.php HTTP/1.1" 200 47232 ubaaverages.com "https://ubaaverages.com/dashboard/teamroster.php" "Mozilla/5.0 (Linux; Android 10; K) AppleWebKit/537.36 (KHTML, like Gecko) Chrome/127.0.0.0 Mobile Safari/537.36" "-"
2600:387:: - - [05/Aug/2024:00:34:03 -0400] "POST /dashboard/process/bowlerEdits.php HTTP/1.1" 200 - ubaaverages.com "https://ubaaverages.com/dashboard/editBowler.php?id=13507" "Mozilla/5.0 (X11; Linux x86_64) AppleWebKit/537.36 (KHTML, like Gecko) Chrome/127.0.0.0 Safari/537.36" "-"
2600:387:: - - [05/Aug/2024:00:34:06 -0400] "POST /dashboard/process/bowlerEdits.php HTTP/1.1" 200 - ubaaverages.com "https://ubaaverages.com/dashboard/editBowler.php?id=13507" "Mozilla/5.0 (X11; Linux x86_64) AppleWebKit/537.36 (KHTML, like Gecko) Chrome/127.0.0.0 Safari/537.36" "-"
24.191.0.0 - - [05/Aug/2024:00:34:06 -0400] "GET /dashboard/settings.php HTTP/1.1" 200 48740 ubaaverages.com "https://ubaaverages.com/dashboard/teamAddBowler.php" "Mozilla/5.0 (Linux; Android 10; K) AppleWebKit/537.36 (KHTML, like Gecko) Chrome/127.0.0.0 Mobile Safari/537.36" "-"
2600:387:: - - [05/Aug/2024:00:34:11 -0400] "POST /dashboard/process/bowlerEdits.php HTTP/1.1" 200 - ubaaverages.com "https://ubaaverages.com/dashboard/editBowler.php?id=13507" "Mozilla/5.0 (X11; Linux x86_64) AppleWebKit/537.36 (KHTML, like Gecko) Chrome/127.0.0.0 Safari/537.36" "-"
2600:387:: - - [05/Aug/2024:00:34:13 -0400] "GET /dashboard/editBowler.php?id=13507 HTTP/1.1" 200 54199 ubaaverages.com "https://ubaaverages.com/dashboard/teamroster.php" "Mozilla/5.0 (Linux; Android 10; K) AppleWebKit/537.36 (KHTML, like Gecko) Chrome/127.0.0.0 Mobile Safari/537.36" "-"
24.191.0.0 - - [05/Aug/2024:00:34:18 -0400] "GET /dashboard/details.php HTTP/1.1" 200 51091 ubaaverages.com "https://ubaaverages.com/dashboard/settings.php" "Mozilla/5.0 (Linux; Android 10; K) AppleWebKit/537.36 (KHTML, like Gecko) Chrome/127.0.0.0 Mobile Safari/537.36" "-"
2600:387:: - - [05/Aug/2024:00:34:19 -0400] "GET /dashboard/search.php HTTP/1.1" 200 35362 ubaaverages.com "https://ubaaverages.com/dashboard/editBowler.php?id=13507" "Mozilla/5.0 (X11; Linux x86_64) AppleWebKit/537.36 (KHTML, like Gecko) Chrome/127.0.0.0 Safari/537.36" "-"
2600:387:: - - [05/Aug/2024:00:34:21 -0400] "POST /dashboard/search.php HTTP/1.1" 200 35362 ubaaverages.com "https://ubaaverages.com/dashboard/search.php" "Mozilla/5.0 (X11; Linux x86_64) AppleWebKit/537.36 (KHTML, like Gecko) Chrome/127.0.0.0 Safari/537.36" "-"
66.249.83.0 - - [05/Aug/2024:00:34:21 -0400] "GET /dashboard/details.php HTTP/1.1" 302 50122 ubaaverages.com "-" "Mozilla/5.0 (Linux; Android 7.0; SM-G930V Build/NRD90M) AppleWebKit/537.36 (KHTML, like Gecko) Chrome/59.0.3071.125 Mobile Safari/537.36 (compatible; Google-Read-Aloud; +https://support.google.com/webmasters/answer/1061943)" "-"
66.249.83.0 - - [05/Aug/2024:00:34:22 -0400] "GET /index.php HTTP/1.1" 200 3335 ubaaverages.com "-" "Mozilla/5.0 (Linux; Android 7.0; SM-G930V Build/NRD90M) AppleWebKit/537.36 (KHTML, like Gecko) Chrome/59.0.3071.125 Mobile Safari/537.36 (compatible; Google-Read-Aloud; +https://support.google.com/webmasters/answer/1061943)" "-"
2600:387:: - - [05/Aug/2024:00:34:22 -0400] "GET /dashboard/search.php HTTP/1.1" 200 35362 ubaaverages.com "https://ubaaverages.com/dashboard/editBowler.php?id=13507" "Mozilla/5.0 (X11; Linux x86_64) AppleWebKit/537.36 (KHTML, like Gecko) Chrome/127.0.0.0 Safari/537.36" "-"
2600:387:: - - [05/Aug/2024:00:34:24 -0400] "GET /dashboard/editBowler.php?id=13507 HTTP/1.1" 200 54199 ubaaverages.com "https://ubaaverages.com/dashboard/teamroster.php" "Mozilla/5.0 (Linux; Android 10; K) AppleWebKit/537.36 (KHTML, like Gecko) Chrome/127.0.0.0 Mobile Safari/537.36" "-"
24.191.0.0 - - [05/Aug/2024:00:34:25 -0400] "GET /dashboard/addBowler.php HTTP/1.1" 200 51183 ubaaverages.com "https://ubaaverages.com/dashboard/details.php" "Mozilla/5.0 (Linux; Android 10; K) AppleWebKit/537.36 (KHTML, like Gecko) Chrome/127.0.0.0 Mobile Safari/537.36" "-"
2600:387:: - - [05/Aug/2024:00:34:27 -0400] "GET /dashboard/teamroster.php HTTP/1.1" 200 66658 ubaaverages.com "https://ubaaverages.com/dashboard/editBowler.php?id=13507" "Mozilla/5.0 (X11; Linux x86_64) AppleWebKit/537.36 (KHTML, like Gecko) Chrome/127.0.0.0 Safari/537.36" "-"
24.191.0.0 - - [05/Aug/2024:00:34:29 -0400] "GET /dashboard/teamAddBowler.php HTTP/1.1" 200 47232 ubaaverages.com "https://ubaaverages.com/dashboard/addBowler.php" "Mozilla/5.0 (Linux; Android 10; K) AppleWebKit/537.36 (KHTML, like Gecko) Chrome/127.0.0.0 Mobile Safari/537.36" "-"
24.191.0.0 - - [05/Aug/2024:00:34:33 -0400] "GET /dashboard/teamroster.php HTTP/1.1" 200 93766 ubaaverages.com "https://ubaaverages.com/dashboard/teamAddBowler.php" "Mozilla/5.0 (Linux; Android 10; K) AppleWebKit/537.36 (KHTML, like Gecko) Chrome/127.0.0.0 Mobile Safari/537.36" "-"
2600:387:: - - [05/Aug/2024:00:34:41 -0400] "GET /dashboard/editBowler.php?id=13507 HTTP/1.1" 200 54199 ubaaverages.com "https://ubaaverages.com/dashboard/teamroster.php" "Mozilla/5.0 (X11; Linux x86_64) AppleWebKit/537.36 (KHTML, like Gecko) Chrome/127.0.0.0 Safari/537.36" "-"
2600:387:: - - [05/Aug/2024:00:34:48 -0400] "POST /dashboard/process/bowlerEdits.php HTTP/1.1" 200 - ubaaverages.com "https://ubaaverages.com/dashboard/editBowler.php?id=13507" "Mozilla/5.0 (X11; Linux x86_64) AppleWebKit/537.36 (KHTML, like Gecko) Chrome/127.0.0.0 Safari/537.36" "-"
100.37.205.0 - - [05/Aug/2024:00:34:51 -0400] "GET / HTTP/1.1" 200 3335 www.ubaaverages.com "-" "Mozilla/5.0 (Windows NT 10.0; Win64; x64) AppleWebKit/537.36 (KHTML, like Gecko) Chrome/127.0.0.0 Safari/537.36 Edg/127.0.0.0" "-"
100.37.205.0 - - [05/Aug/2024:00:34:54 -0400] "POST /verify.php HTTP/1.1" 302 - www.ubaaverages.com "https://www.ubaaverages.com/" "Mozilla/5.0 (Windows NT 10.0; Win64; x64) AppleWebKit/537.36 (KHTML, like Gecko) Chrome/127.0.0.0 Safari/537.36 Edg/127.0.0.0" "-"
100.37.205.0 - - [05/Aug/2024:00:34:54 -0400] "GET /dashboard/home.php HTTP/1.1" 200 129992 ubaaverages.com "https://www.ubaaverages.com/" "Mozilla/5.0 (Windows NT 10.0; Win64; x64) AppleWebKit/537.36 (KHTML, like Gecko) Chrome/127.0.0.0 Safari/537.36 Edg/127.0.0.0" "-"
100.37.205.0 - - [05/Aug/2024:00:34:55 -0400] "POST /dashboard/fatchSeasonAvrg.php HTTP/1.1" 200 2 ubaaverages.com "https://ubaaverages.com/dashboard/home.php" "Mozilla/5.0 (Windows NT 10.0; Win64; x64) AppleWebKit/537.36 (KHTML, like Gecko) Chrome/127.0.0.0 Safari/537.36 Edg/127.0.0.0" "-"
100.37.205.0 - - [05/Aug/2024:00:34:58 -0400] "GET /dashboard/teamroster.php HTTP/1.1" 200 66658 ubaaverages.com "https://ubaaverages.com/dashboard/home.php" "Mozilla/5.0 (Windows NT 10.0; Win64; x64) AppleWebKit/537.36 (KHTML, like Gecko) Chrome/127.0.0.0 Safari/537.36 Edg/127.0.0.0" "-"
100.37.205.0 - - [05/Aug/2024:00:35:05 -0400] "GET /dashboard/editBowler.php?id=13507 HTTP/1.1" 200 54449 ubaaverages.com "https://ubaaverages.com/dashboard/teamroster.php" "Mozilla/5.0 (Windows NT 10.0; Win64; x64) AppleWebKit/537.36 (KHTML, like Gecko) Chrome/127.0.0.0 Safari/537.36 Edg/127.0.0.0" "-"
24.191.0.0 - - [05/Aug/2024:00:35:10 -0400] "GET /dashboard/editBowler.php?id=2977 HTTP/1.1" 200 54223 ubaaverages.com "https://ubaaverages.com/dashboard/teamroster.php" "Mozilla/5.0 (Linux; Android 10; K) AppleWebKit/537.36 (KHTML, like Gecko) Chrome/127.0.0.0 Mobile Safari/537.36" "-"
2600:387:: - - [05/Aug/2024:00:35:12 -0400] "GET / HTTP/1.1" 200 3335 ubaaverages.com "https://www.google.com/" "Mozilla/5.0 (X11; Linux x86_64) AppleWebKit/537.36 (KHTML, like Gecko) Chrome/127.0.0.0 Safari/537.36" "-"
2600:387:: - - [05/Aug/2024:00:35:17 -0400] "POST /verify.php HTTP/1.1" 302 - ubaaverages.com "https://ubaaverages.com/" "Mozilla/5.0 (X11; Linux x86_64) AppleWebKit/537.36 (KHTML, like Gecko) Chrome/127.0.0.0 Safari/537.36" "-"
2600:387:: - - [05/Aug/2024:00:35:17 -0400] "GET /dashboard/home.php HTTP/1.1" 200 74263 ubaaverages.com "https://ubaaverages.com/" "Mozilla/5.0 (X11; Linux x86_64) AppleWebKit/537.36 (KHTML, like Gecko) Chrome/127.0.0.0 Safari/537.36" "-"
2600:387:: - - [05/Aug/2024:00:35:18 -0400] "POST /dashboard/fatchSeasonAvrg.php HTTP/1.1" 200 2 ubaaverages.com "https://ubaaverages.com/dashboard/home.php" "Mozilla/5.0 (X11; Linux x86_64) AppleWebKit/537.36 (KHTML, like Gecko) Chrome/127.0.0.0 Safari/537.36" "-"
2600:387:: - - [05/Aug/2024:00:35:20 -0400] "GET /dashboard/teamAddBowler.php HTTP/1.1" 200 47223 ubaaverages.com "https://ubaaverages.com/dashboard/home.php" "Mozilla/5.0 (X11; Linux x86_64) AppleWebKit/537.36 (KHTML, like Gecko) Chrome/127.0.0.0 Safari/537.36" "-"
2600:387:: - - [05/Aug/2024:00:35:22 -0400] "GET /dashboard/search.php HTTP/1.1" 200 35362 ubaaverages.com "https://ubaaverages.com/dashboard/teamAddBowler.php" "Mozilla/5.0 (X11; Linux x86_64) AppleWebKit/537.36 (KHTML, like Gecko) Chrome/127.0.0.0 Safari/537.36" "-"
2600:387:: - - [05/Aug/2024:00:35:24 -0400] "GET /dashboard/teamAddBowler.php HTTP/1.1" 200 47223 ubaaverages.com "https://ubaaverages.com/dashboard/home.php" "Mozilla/5.0 (X11; Linux x86_64) AppleWebKit/537.36 (KHTML, like Gecko) Chrome/127.0.0.0 Safari/537.36" "-"
2600:387:: - - [05/Aug/2024:00:35:26 -0400] "GET /dashboard/teamroster.php HTTP/1.1" 200 66658 ubaaverages.com "https://ubaaverages.com/dashboard/teamAddBowler.php" "Mozilla/5.0 (X11; Linux x86_64) AppleWebKit/537.36 (KHTML, like Gecko) Chrome/127.0.0.0 Safari/537.36" "-"
100.37.205.0 - - [05/Aug/2024:00:35:39 -0400] "GET /dashboard/teamroster.php HTTP/1.1" 200 66658 ubaaverages.com "https://ubaaverages.com/dashboard/editBowler.php?id=13507" "Mozilla/5.0 (Windows NT 10.0; Win64; x64) AppleWebKit/537.36 (KHTML, like Gecko) Chrome/127.0.0.0 Safari/537.36 Edg/127.0.0.0" "-"
24.191.0.0 - - [05/Aug/2024:00:35:43 -0400] "GET /dashboard/teamroster.php HTTP/1.1" 200 93766 ubaaverages.com "https://ubaaverages.com/dashboard/editBowler.php?id=2977" "Mozilla/5.0 (Linux; Android 10; K) AppleWebKit/537.36 (KHTML, like Gecko) Chrome/127.0.0.0 Mobile Safari/537.36" "-"
2600:387:: - - [05/Aug/2024:00:35:58 -0400] "GET /dashboard/editBowler.php?id=10594 HTTP/1.1" 200 54209 ubaaverages.com "https://ubaaverages.com/dashboard/teamroster.php" "Mozilla/5.0 (X11; Linux x86_64) AppleWebKit/537.36 (KHTML, like Gecko) Chrome/127.0.0.0 Safari/537.36" "-"
100.37.205.0 - - [05/Aug/2024:00:36:03 -0400] "GET /dashboard/editBowler.php?id=13507 HTTP/1.1" 200 54449 ubaaverages.com "https://ubaaverages.com/dashboard/teamroster.php" "Mozilla/5.0 (Windows NT 10.0; Win64; x64) AppleWebKit/537.36 (KHTML, like Gecko) Chrome/127.0.0.0 Safari/537.36 Edg/127.0.0.0" "-"
2600:387:: - - [05/Aug/2024:00:36:04 -0400] "GET /dashboard/teamAddBowler.php HTTP/1.1" 200 47223 ubaaverages.com "https://ubaaverages.com/dashboard/editBowler.php?id=10594" "Mozilla/5.0 (X11; Linux x86_64) AppleWebKit/537.36 (KHTML, like Gecko) Chrome/127.0.0.0 Safari/537.36" "-"
2600:387:: - - [05/Aug/2024:00:36:06 -0400] "GET /dashboard/teamroster.php HTTP/1.1" 200 66658 ubaaverages.com "https://ubaaverages.com/dashboard/teamAddBowler.php" "Mozilla/5.0 (X11; Linux x86_64) AppleWebKit/537.36 (KHTML, like Gecko) Chrome/127.0.0.0 Safari/537.36" "-"
100.37.205.0 - - [05/Aug/2024:00:36:09 -0400] "POST /dashboard/process/bowlerEdits.php HTTP/1.1" 302 - ubaaverages.com "https://ubaaverages.com/dashboard/editBowler.php?id=13507" "Mozilla/5.0 (Windows NT 10.0; Win64; x64) AppleWebKit/537.36 (KHTML, like Gecko) Chrome/127.0.0.0 Safari/537.36 Edg/127.0.0.0" "-"
100.37.205.0 - - [05/Aug/2024:00:36:10 -0400] "GET /dashboard/editBowler.php?id=13507 HTTP/1.1" 200 54523 ubaaverages.com "https://ubaaverages.com/dashboard/editBowler.php?id=13507" "Mozilla/5.0 (Windows NT 10.0; Win64; x64) AppleWebKit/537.36 (KHTML, like Gecko) Chrome/127.0.0.0 Safari/537.36 Edg/127.0.0.0" "-"
100.37.205.0 - - [05/Aug/2024:00:36:13 -0400] "GET /dashboard/teamroster.php HTTP/1.1" 200 66663 ubaaverages.com "https://ubaaverages.com/dashboard/editBowler.php?id=13507" "Mozilla/5.0 (Windows NT 10.0; Win64; x64) AppleWebKit/537.36 (KHTML, like Gecko) Chrome/127.0.0.0 Safari/537.36 Edg/127.0.0.0" "-"
2600:387:: - - [05/Aug/2024:00:36:15 -0400] "GET /dashboard/home.php HTTP/1.1" 200 74263 ubaaverages.com "https://ubaaverages.com/dashboard/teamroster.php" "Mozilla/5.0 (X11; Linux x86_64) AppleWebKit/537.36 (KHTML, like Gecko) Chrome/127.0.0.0 Safari/537.36" "-"
2600:387:: - - [05/Aug/2024:00:36:17 -0400] "POST /dashboard/fatchSeasonAvrg.php HTTP/1.1" 200 2 ubaaverages.com "https://ubaaverages.com/dashboard/home.php" "Mozilla/5.0 (X11; Linux x86_64) AppleWebKit/537.36 (KHTML, like Gecko) Chrome/127.0.0.0 Safari/537.36" "-"
